"","V1","V2","V3","V4","V5","V6","V7","V8"
"1",0.88,0.56,0.615384615384615,0.592592592592593,0.933333333333333,0.901960784313726,0.848484848484849,0.958333333333333
"2",0.12,0.44,0.384615384615385,0.407407407407407,0.0666666666666667,0.0980392156862745,0.151515151515152,0.0416666666666667
